---
source: crates/uitest/tests/ty.rs
expression: diags
input_file: fixtures/ty/trait_bound/coinductive.fe
---
error[8-0031]: type annotation is needed
   ┌─ coinductive.fe:35:9
   │
35 │     let v = Vec::new()
   │         ^
   │         │
   │         type annotation is needed
   │         consider giving `: Vec<_>` here
