---
source: crates/uitest/tests/ty_check.rs
expression: diags
input_file: fixtures/ty_check/aug_assign.fe
---
error[8-0016]: `std::ops::SubAssign` trait is not implemented
  ┌─ aug_assign.fe:6:5
  │
6 │     f -= f
  │     ^^^^^^
  │     │
  │     `-=` cant be applied to `Foo`
  │     Try implementing `std::ops::SubAssign` for `Foo`

error[8-0018]: left-hand side of assignment is immutable
  ┌─ aug_assign.fe:7:5
  │
5 │ fn foo(f: Foo) {
  │        - try changing to `mut f`
6 │     f -= f
7 │     f.x *= 1
  │     ^^^ immutable assignment
