---
source: crates/parser/tests/error_recovery.rs
expression: node
input_file: test_files/error_recovery/items/impl_trait.fe
---
Root@0..90
  ItemList@0..90
    Item@0..36
      ImplTrait@0..36
        ImplKw@0..4 "impl"
        WhiteSpace@4..5 " "
        TraitRef@5..14
          Path@5..14
            PathSegment@5..14
              Ident@5..6 "A"
              GenericArgList@6..14
                Lt@6..7 "<"
                TypeGenericArg@7..8
                  PathType@7..8
                    Path@7..8
                      PathSegment@7..8
                        Ident@7..8 "T"
                Comma@8..9 ","
                WhiteSpace@9..10 " "
                TypeGenericArg@10..11
                  PathType@10..11
                    Path@10..11
                      PathSegment@10..11
                        Ident@10..11 "u"
                Error@11..13
                  RParen@11..12 ")"
                  RParen@12..13 ")"
                Gt@13..14 ">"
        WhiteSpace@14..15 " "
        ForKw@15..18 "for"
        WhiteSpace@18..19 " "
        PathType@19..22
          Path@19..20
            PathSegment@19..20
              Ident@19..20 "B"
          GenericArgList@20..22
            Lt@20..21 "<"
            TypeGenericArg@21..22
              PathType@21..22
                Path@21..22
                  PathSegment@21..22
                    Ident@21..22 "T"
        WhiteSpace@22..23 " "
        WhereClause@23..33
          WhereKw@23..28 "where"
          WhiteSpace@28..29 " "
          WherePredicate@29..33
            PathType@29..30
              Path@29..30
                PathSegment@29..30
                  Ident@29..30 "T"
            TypeBoundList@30..33
              Colon@30..31 ":"
              WhiteSpace@31..32 " "
              TypeBound@32..33
                TraitRef@32..33
                  Path@32..33
                    PathSegment@32..33
                      Ident@32..33 "X"
        WhiteSpace@33..34 " "
        TraitItemList@34..36
          LBrace@34..35 "{"
          RBrace@35..36 "}"
    Newline@36..38 "\n\n"
    Item@38..71
      ImplTrait@38..71
        ImplKw@38..42 "impl"
        WhiteSpace@42..43 " "
        TraitRef@43..49
          Path@43..44
            PathSegment@43..44
              Ident@43..44 "C"
          GenericArgList@44..49
            Lt@44..45 "<"
            TypeGenericArg@45..46
              PathType@45..46
                Path@45..46
                  PathSegment@45..46
                    Ident@45..46 "T"
            Comma@46..47 ","
            WhiteSpace@47..48 " "
            TypeGenericArg@48..49
              PathType@48..49
                Path@48..49
                  PathSegment@48..49
                    Ident@48..49 "u"
        WhiteSpace@49..50 " "
        ForKw@50..53 "for"
        WhiteSpace@53..54 " "
        PathType@54..57
          Path@54..55
            PathSegment@54..55
              Ident@54..55 "D"
          GenericArgList@55..57
            Lt@55..56 "<"
            TypeGenericArg@56..57
              PathType@56..57
                Path@56..57
                  PathSegment@56..57
                    Ident@56..57 "T"
        WhiteSpace@57..58 " "
        WhereClause@58..68
          WhereKw@58..63 "where"
          WhiteSpace@63..64 " "
          WherePredicate@64..68
            PathType@64..65
              Path@64..65
                PathSegment@64..65
                  Ident@64..65 "T"
            TypeBoundList@65..68
              Colon@65..66 ":"
              WhiteSpace@66..67 " "
              TypeBound@67..68
                TraitRef@67..68
                  Path@67..68
                    PathSegment@67..68
                      Ident@67..68 "X"
        WhiteSpace@68..69 " "
        TraitItemList@69..71
          LBrace@69..70 "{"
          RBrace@70..71 "}"
    Newline@71..73 "\n\n"
    Item@73..90
      ImplTrait@73..90
        ImplKw@73..77 "impl"
        WhiteSpace@77..78 " "
        TraitRef@78..79
          Path@78..79
            PathSegment@78..79
              Ident@78..79 "E"
        WhiteSpace@79..80 " "
        Error@80..81
          InvalidToken@80..81 "@"
        WhiteSpace@81..82 " "
        ForKw@82..85 "for"
        WhiteSpace@85..86 " "
        PathType@86..87
          Path@86..87
            PathSegment@86..87
              Ident@86..87 "F"
        WhiteSpace@87..88 " "
        TraitItemList@88..90
          LBrace@88..89 "{"
          RBrace@89..90 "}"
